// Jest Snapshot v1, https://goo.gl/fbAQLP

exports[`AbbreviatedCard it renders correctly 1`] = `
<div>
  <div
    class="components-surface components-card woocommerce-abbreviated-card css-nsno0f-View-Surface-getBorders-primary-Card-rounded e19lxcc00"
    data-wp-c16t="true"
    data-wp-component="Card"
  >
    <div
      class="css-mgwsf4-View-Content e19lxcc00"
    >
      <div
        class="components-card__body components-card-body css-1i4jx7i-View-Body-borderRadius e19lxcc00"
        data-wp-c16t="true"
        data-wp-component="CardBody"
      >
        <a
          data-link-type="wc-admin"
          href="#"
        >
          <div
            class="woocommerce-abbreviated-card__icon"
          >
            <div
              size="24"
            >
              icon
            </div>
          </div>
          <div
            class="woocommerce-abbreviated-card__content"
          >
            <p>
              Abbreviated card content
            </p>
          </div>
        </a>
      </div>
    </div>
    <div
      aria-hidden="true"
      class="components-elevation css-15t1t3g-View-Elevation-sx-Base-elevationClassName e19lxcc00"
      data-wp-c16t="true"
      data-wp-component="Elevation"
    />
    <div
      aria-hidden="true"
      class="components-elevation css-15t1t3g-View-Elevation-sx-Base-elevationClassName e19lxcc00"
      data-wp-c16t="true"
      data-wp-component="Elevation"
    />
  </div>
</div>
`;
